Microchip MPLAB XC8 Compiler V2.40

Linker command line:

-W-3 \
  --edf=E:\Program Files\Microchip\xc8\v2.40\pic\dat\20220703182018_en.msgs \
  -cn -h+dist/default/production\proyecto2.X.production.sym \
  --cmf=dist/default/production\proyecto2.X.production.cmf -z -Q16F887 \
  -oC:\Users\lemus\AppData\Local\Temp\xcAsfv0.4 --defsym=__MPLAB_BUILD=1 \
  --fixupoverflow=error \
  -Mdist/default/production/proyecto2.X.production.map \
  --md=C:\Users\lemus\AppData\Local\Temp\xcAsfv0.dat -E1 -ver=XC8 Compiler \
  --acfsm=1493 -ACODE=00h-07FFhx4 -ASTRCODE=00h-01FFFh -ASTRING=00h-0FFhx32 \
  -ACONST=00h-0FFhx32 -AENTRY=00h-0FFhx32 -ACOMMON=070h-07Fh \
  -ABANK0=020h-06Fh -ABANK1=0A0h-0EFh -ABANK2=0110h-016Fh \
  -ABANK3=0190h-01EFh -ARAM=020h-06Fh,0A0h-0EFh,0110h-016Fh,0190h-01EFh \
  -AABS1=020h-07Fh,0A0h-0EFh,0110h-016Fh,0190h-01EFh -ASFR0=00h-01Fh \
  -ASFR1=080h-09Fh -ASFR2=0100h-010Fh -ASFR3=0180h-018Fh \
  -ACONFIG=02007h-02008h -DCONFIG=2 -AIDLOC=02000h-02003h -DIDLOC=2 \
  -AEEDATA=00h-0FFh/02100h -peeprom_data=EEDATA -DEEDATA=2 -DCODE=2 \
  -DSTRCODE=2 -DSTRING=2 -DCONST=2 -DENTRY=2 \
  -preset_vec=00h,intentry=04h,init,end_init -ppowerup=CODE -pcinit=CODE \
  -pfunctab=ENTRY -k C:\Users\lemus\AppData\Local\Temp\xcAsfv0.o \
  dist/default/production\proyecto2.X.production.o 

Object code version is 3.11

Machine type is 16F887



                Name                               Link     Load   Length Selector   Space Scale
C:\Users\lemus\AppData\Local\Temp\xcAsfv0.o
                end_init                             10       10        3        8       0
                reset_vec                             0        0        3        0       0
                config                             2007     2007        2        0       4
                idloc                              2000     2000        4        0       5
dist/default/production\proyecto2.X.production.o
                cinit                                13       13       21        8       0
                intentry                              4        4        C        8       0
                config                             2007     2007        2        0       4
                idloc                              2000     2000        4        0       5
                text13                              683      683       11      94E       0
                text12                              4A7      4A7       69      94E       0
                text11                              5FC      5FC       25      94E       0
                text10                              54F      54F       35      94E       0
                text9                                34       34      204        8       0
                text8                               5AE      5AE       28      94E       0
                text7                               6A1      6A1        9      94E       0
                text6                               510      510       3F      94E       0
                text5                               644      644       17      94E       0
                text4                               5D6      5D6       26      94E       0
                text3                               65B      65B       15      94E       0
                text2                               694      694        D      94E       0
                text1                               584      584       2A      94E       0
                maintext                            238      238      1F0        8       0
                cstackBANK0                          43       43       11       20       1
                cstackCOMMON                         70       70        D       70       1
                cstackBANK1                          A0       A0        4       A0       1
                inittext                            670      670       13      94E       0
                dataBANK0                            20       20       23       20       1
                bssBANK0                             54       54        E       20       1
                bssCOMMON                            7D       7D        1       70       1
                strings                             428      428       7F      850       0
                idataBANK0                          621      621       23      94E       0

TOTAL           Name                               Link     Load   Length     Space
        CLASS   CODE           
                end_init                             10       10        3         0
                cinit                                13       13       21         0
                intentry                              4        4        C         0
                reset_vec                             0        0        3         0
                text13                              683      683       11         0
                text12                              4A7      4A7       69         0
                text11                              5FC      5FC       25         0
                text10                              54F      54F       35         0
                text9                                34       34      204         0
                text8                               5AE      5AE       28         0
                text7                               6A1      6A1        9         0
                text6                               510      510       3F         0
                text5                               644      644       17         0
                text4                               5D6      5D6       26         0
                text3                               65B      65B       15         0
                text2                               694      694        D         0
                text1                               584      584       2A         0
                maintext                            238      238      1F0         0
                inittext                            670      670       13         0
                idataBANK0                          621      621       23         0

        CLASS   STRCODE        

        CLASS   STRING         
                strings                             428      428       7F         0

        CLASS   CONST          

        CLASS   ENTRY          

        CLASS   COMMON         
                cstackCOMMON                         70       70        D         1
                bssCOMMON                            7D       7D        1         1

        CLASS   BANK0          
                cstackBANK0                          43       43       11         1
                dataBANK0                            20       20       23         1
                bssBANK0                             54       54        E         1

        CLASS   BANK1          
                cstackBANK1                          A0       A0        4         1

        CLASS   BANK2          

        CLASS   BANK3          

        CLASS   RAM            

        CLASS   ABS1           
                abs_s1                               7E       7E        2         1

        CLASS   SFR0           

        CLASS   SFR1           

        CLASS   SFR2           

        CLASS   SFR3           

        CLASS   CONFIG         
                config                             2007     2007        2         4

        CLASS   IDLOC          
                idloc                              2000     2000        4         5

        CLASS   EEDATA         

        CLASS   STACK          



SEGMENTS        Name                           Load    Length   Top    Selector   Space  Class     Delta

                reset_vec                      000000  000003  000003         0       0  CODE        2
                intentry                       000004  000424  000428         8       0  CODE        2
                dataBANK0                      000020  000042  000062        20       1  BANK0       1
                cstackCOMMON                   000070  00000E  00007E        70       1  COMMON      1
                cstackBANK1                    0000A0  000004  0000A4        A0       1  BANK1       1
                strings                        000428  00007F  0004A7       850       0  STRING      2
                text12                         0004A7  000203  0006AA       94E       0  CODE        2


UNUSED ADDRESS RANGES

        Name                Unused          Largest block    Delta
        BANK0            0062-006F              E           1
        BANK1            00A4-00EF             4C           1
        BANK2            0110-016F             60           1
        BANK3            0190-01EF             60           1
        CODE             0003-0003              1           2
                         06AA-1FFF            800
        CONST            0003-0003              1           2
                         06AA-1FFF            100
        EEDATA           2100-21FF            100           2
        ENTRY            0003-0003              1           2
                         06AA-1FFF            100
        RAM              0062-006F              E           1
                         00A4-00EF             4C
                         0110-016F             60
                         0190-01EF             60
        SFR0             0000-001F             20           1
        SFR1             0080-009F             20           1
        SFR2             0100-010F             10           1
        SFR3             0180-018F             10           1
        STRCODE          0003-0003              1           2
                         06AA-1FFF           1956
        STRING           0003-0003              1           2
                         06AA-1FFF            100

                                  Symbol Table

?___awdiv                cstackCOMMON 0076
?___wmul                 cstackCOMMON 0070
?_map                    cstackBANK0  0047
_ADCON0bits              (abs)        001F
_ADCON1bits              (abs)        009F
_ADRESH                  (abs)        001E
_ANSELH                  (abs)        0189
_ANSELbits               (abs)        0188
_BAUDCTLbits             (abs)        0187
_CCP1CON                 (abs)        0017
_CCP1CONbits             (abs)        0017
_CCP2CON                 (abs)        001D
_CCP2CONbits             (abs)        001D
_CCPR1L                  (abs)        0015
_CCPR2L                  (abs)        001B
_EEADR                   (abs)        010D
_EEADRH                  (abs)        010F
_EECON1bits              (abs)        018C
_EECON2                  (abs)        018D
_EEDATA                  (abs)        010C
_INTCONbits              (abs)        000B
_IOCBbits                (abs)        0096
_OPTION_REGbits          (abs)        0081
_OSCCONbits              (abs)        008F
_PIE1bits                (abs)        008C
_PIR1bits                (abs)        000C
_PORTA                   (abs)        0005
_PORTB                   (abs)        0006
_PORTBbits               (abs)        0006
_PORTCbits               (abs)        0007
_PORTD                   (abs)        0008
_PORTDbits               (abs)        0008
_PORTE                   (abs)        0009
_PR2                     (abs)        0092
_RCREG                   (abs)        001A
_RCSTAbits               (abs)        0018
_SPBRG                   (abs)        0099
_SPBRGH                  (abs)        009A
_T2CONbits               (abs)        0012
_TMR0                    (abs)        0001
_TRISBbits               (abs)        0086
_TRISCbits               (abs)        0087
_TRISD                   (abs)        0088
_TRISE                   (abs)        0089
_TXREG                   (abs)        0019
_TXSTAbits               (abs)        0098
_WPUBbits                (abs)        0095
__Habs1                  abs1         0000
__Hbank0                 bank0        0000
__Hbank1                 bank1        0000
__Hbank2                 bank2        0000
__Hbank3                 bank3        0000
__HbssBANK0              bssBANK0     0000
__HbssCOMMON             bssCOMMON    0000
__Hcinit                 cinit        0034
__Hclrtext               clrtext      0000
__Hcode                  code         0000
__Hcommon                common       0000
__Hconfig                config       2009
__HcstackBANK0           cstackBANK0  0000
__HcstackBANK1           cstackBANK1  0000
__HcstackCOMMON          cstackCOMMON 0000
__HdataBANK0             dataBANK0    0000
__Heeprom_data           eeprom_data  0000
__Hend_init              end_init     0013
__Hfunctab               functab      0000
__HidataBANK0            idataBANK0   0000
__Hidloc                 idloc        2004
__Hinit                  init         0010
__Hinittext              inittext     0000
__Hintentry              intentry     0010
__Hmaintext              maintext     0000
__Hpowerup               powerup      0000
__Hram                   ram          0000
__Hreset_vec             reset_vec    0003
__Hsfr0                  sfr0         0000
__Hsfr1                  sfr1         0000
__Hsfr2                  sfr2         0000
__Hsfr3                  sfr3         0000
__Hspace_0               (abs)        06AA
__Hspace_1               (abs)        00A4
__Hspace_2               (abs)        0000
__Hspace_3               (abs)        0000
__Hspace_4               (abs)        4010
__Hstack                 stack        0000
__Hstrings               strings      0000
__Htext                  text         0000
__Labs1                  abs1         0000
__Lbank0                 bank0        0000
__Lbank1                 bank1        0000
__Lbank2                 bank2        0000
__Lbank3                 bank3        0000
__LbssBANK0              bssBANK0     0000
__LbssCOMMON             bssCOMMON    0000
__Lcinit                 cinit        0013
__Lclrtext               clrtext      0000
__Lcode                  code         0000
__Lcommon                common       0000
__Lconfig                config       0000
__LcstackBANK0           cstackBANK0  0000
__LcstackBANK1           cstackBANK1  0000
__LcstackCOMMON          cstackCOMMON 0000
__LdataBANK0             dataBANK0    0000
__Leeprom_data           eeprom_data  0000
__Lend_init              end_init     0010
__Lfunctab               functab      0000
__LidataBANK0            idataBANK0   0000
__Lidloc                 idloc        0000
__Linit                  init         0010
__Linittext              inittext     0000
__Lintentry              intentry     0004
__Lmaintext              maintext     0000
__Lpowerup               powerup      0000
__Lram                   ram          0000
__Lreset_vec             reset_vec    0000
__Lsfr0                  sfr0         0000
__Lsfr1                  sfr1         0000
__Lsfr2                  sfr2         0000
__Lsfr3                  sfr3         0000
__Lspace_0               (abs)        0000
__Lspace_1               (abs)        0000
__Lspace_2               (abs)        0000
__Lspace_3               (abs)        0000
__Lspace_4               (abs)        0000
__Lstack                 stack        0000
__Lstrings               strings      0000
__Ltext                  text         0000
__S0                     (abs)        06AA
__S1                     (abs)        00A4
__S3                     (abs)        0000
___awdiv                 text12       04A7
___awdiv@counter         cstackBANK0  0043
___awdiv@dividend        cstackCOMMON 0078
___awdiv@divisor         cstackCOMMON 0076
___awdiv@quotient        cstackBANK0  0045
___awdiv@sign            cstackBANK0  0044
___int_sp                stack        0000
___latbits               (abs)        0002
___sp                    stack        0000
___stackhi               (abs)        0000
___stacklo               (abs)        0000
___wmul                  text11       05FC
___wmul@multiplicand     cstackCOMMON 0072
___wmul@multiplier       cstackCOMMON 0070
___wmul@product          cstackCOMMON 0074
__end_of___awdiv         text12       0510
__end_of___wmul          text11       0621
__end_of__initialization cinit        0030
__end_of__stringtab      strings      042E
__end_of_cadena          text8        05D6
__end_of_delay           text13       0694
__end_of_interrup        text2        06A1
__end_of_isr             text9        0238
__end_of_main            maintext     0428
__end_of_map             text10       0584
__end_of_readEEPROM      text7        06AA
__end_of_setup           text6        054F
__end_of_setupADC        text5        065B
__end_of_setupPWM        text4        05FC
__end_of_setupUART       text3        0670
__end_of_writeEEPROM     text1        05AE
__initialization         cinit        0013
__pbssBANK0              bssBANK0     0054
__pbssCOMMON             bssCOMMON    007D
__pcstackBANK0           cstackBANK0  0043
__pcstackBANK1           cstackBANK1  00A0
__pcstackCOMMON          cstackCOMMON 0070
__pdataBANK0             dataBANK0    0020
__pidataBANK0            idataBANK0   0621
__pintentry              intentry     0004
__pmaintext              maintext     0238
__pstrings               strings      0428
__ptext1                 text1        0584
__ptext10                text10       054F
__ptext11                text11       05FC
__ptext12                text12       04A7
__ptext13                text13       0683
__ptext2                 text2        0694
__ptext3                 text3        065B
__ptext4                 text4        05D6
__ptext5                 text5        0644
__ptext6                 text6        0510
__ptext7                 text7        06A1
__ptext8                 text8        05AE
__ptext9                 text9        0034
__stringbase             strings      042D
__stringtab              strings      0428
_bandera                 bssBANK0     005A
_cadena                  text8        05AE
_dato                    bssCOMMON    007D
_delay                   text13       0683
_interrup                text2        0694
_isr                     text9        0034
_loop                    bssBANK0     0058
_main                    maintext     0238
_map                     text10       054F
_pot                     bssBANK0     0056
_pot1                    bssBANK0     0054
_readEEPROM              text7        06A1
_selector                bssBANK0     005C
_servo                   dataBANK0    0020
_servo2                  dataBANK0    0032
_setup                   text6        0510
_setupADC                text5        0644
_setupPWM                text4        05D6
_setupUART               text3        065B
_writeEEPROM             text1        0584
_x                       bssBANK0     0061
_x1                      bssBANK0     005F
_y                       bssBANK0     0060
_y1                      bssBANK0     005E
btemp                    (abs)        007E
cadena@cursor            cstackBANK1  00A1
delay@micro              cstackCOMMON 0070
end_of_initialization    cinit        0030
init_fetch0              inittext     0670
init_ram0                inittext     0674
interrupt_function       intentry     0004
intlevel0                functab      0000
intlevel1                functab      0000
intlevel2                functab      0000
intlevel3                functab      0000
intlevel4                functab      0000
intlevel5                functab      0000
map@inputmax             cstackBANK0  0049
map@inputmin             cstackBANK0  0047
map@outmax               cstackBANK0  004D
map@outmin               cstackBANK0  004B
map@value                cstackCOMMON 007C
reset_vec                reset_vec    0000
saved_w                  (abs)        007E
start                    init         0010
start_initialization     cinit        0013
writeEEPROM@data         cstackBANK1  00A0
wtemp0                   (abs)        007E


MODULE INFORMATION

Module		Function		Class		Link	Load	Size
shared
		__stringtab    		STRING         	0428	0000	6
		__initialization		CODE           	0013	0000	29

shared estimated size: 35

E:\Program Files\Microchip\xc8\v2.40\pic\sources\c90\common\awdiv.c
		___awdiv       		CODE           	04A7	0000	105

E:\Program Files\Microchip\xc8\v2.40\pic\sources\c90\common\awdiv.c estimated size: 105

main.c
		_delay         		CODE           	0683	0000	17
		_map           		CODE           	054F	0000	53
		_setupPWM      		CODE           	05D6	0000	38
		_main          		CODE           	0238	0000	496
		_cadena        		CODE           	05AE	0000	40
		_interrup      		CODE           	0694	0000	13
		_isr           		CODE           	0034	0000	516
		_setupUART     		CODE           	065B	0000	21
		_setup         		CODE           	0510	0000	63
		_readEEPROM    		CODE           	06A1	0000	9
		_writeEEPROM   		CODE           	0584	0000	42
		_setupADC      		CODE           	0644	0000	23

main.c estimated size: 1331

E:\Program Files\Microchip\xc8\v2.40\pic\sources\c90\common\Umul16.c
		___wmul        		CODE           	05FC	0000	37

E:\Program Files\Microchip\xc8\v2.40\pic\sources\c90\common\Umul16.c estimated size: 37

