Microchip MPLAB XC8 Compiler V2.40

Linker command line:

-W-3 \
  --edf=E:\Program Files\Microchip\xc8\v2.40\pic\dat\20220703182018_en.msgs \
  -cn -h+dist/default/production\proyecto2.X.production.sym \
  --cmf=dist/default/production\proyecto2.X.production.cmf -z -Q16F887 \
  -oC:\Users\lemus\AppData\Local\Temp\xcAshqc.4 --defsym=__MPLAB_BUILD=1 \
  --fixupoverflow=error \
  -Mdist/default/production/proyecto2.X.production.map \
  --md=C:\Users\lemus\AppData\Local\Temp\xcAshqc.dat -E1 -ver=XC8 Compiler \
  --acfsm=1493 -ACODE=00h-07FFhx4 -ASTRCODE=00h-01FFFh -ASTRING=00h-0FFhx32 \
  -ACONST=00h-0FFhx32 -AENTRY=00h-0FFhx32 -ACOMMON=070h-07Fh \
  -ABANK0=020h-06Fh -ABANK1=0A0h-0EFh -ABANK2=0110h-016Fh \
  -ABANK3=0190h-01EFh -ARAM=020h-06Fh,0A0h-0EFh,0110h-016Fh,0190h-01EFh \
  -AABS1=020h-07Fh,0A0h-0EFh,0110h-016Fh,0190h-01EFh -ASFR0=00h-01Fh \
  -ASFR1=080h-09Fh -ASFR2=0100h-010Fh -ASFR3=0180h-018Fh \
  -ACONFIG=02007h-02008h -DCONFIG=2 -AIDLOC=02000h-02003h -DIDLOC=2 \
  -AEEDATA=00h-0FFh/02100h -peeprom_data=EEDATA -DEEDATA=2 -DCODE=2 \
  -DSTRCODE=2 -DSTRING=2 -DCONST=2 -DENTRY=2 \
  -preset_vec=00h,intentry=04h,init,end_init -ppowerup=CODE -pcinit=CODE \
  -pfunctab=ENTRY -k C:\Users\lemus\AppData\Local\Temp\xcAshqc.o \
  dist/default/production\proyecto2.X.production.o 

Object code version is 3.11

Machine type is 16F887



                Name                               Link     Load   Length Selector   Space Scale
C:\Users\lemus\AppData\Local\Temp\xcAshqc.o
                end_init                              E        E        3        8       0
                reset_vec                             0        0        3        0       0
                config                             2007     2007        2        0       4
                idloc                              2000     2000        4        0       5
dist/default/production\proyecto2.X.production.o
                cinit                                11       11        E        8       0
                intentry                              4        4        A        8       0
                config                             2007     2007        2        0       4
                idloc                              2000     2000        4        0       5
                text13                              3FF      3FF       11      67A       0
                text12                              233      233       69        8       0
                text11                              38D      38D       25      67A       0
                text10                              2DA      2DA       35        8       0
                text9                               13E      13E       F5        8       0
                text8                               3B2      3B2       21      67A       0
                text7                               41D      41D        9      67A       0
                text6                               29C      29C       3E        8       0
                text5                               3D3      3D3       17      67A       0
                text4                               367      367       26      67A       0
                text3                               3EA      3EA       15      67A       0
                text2                               410      410        D      67A       0
                text1                               33D      33D       2A      67A       0
                maintext                             1F       1F      11F        8       0
                cstackBANK0                          20       20       13       20       1
                cstackCOMMON                         70       70        D       70       1
                clrtext                             426      426        8      67A       0
                bssBANK0                             33       33       12       20       1
                bssCOMMON                            7D       7D        1       70       1
                strings                             30F      30F       2E      61E       0

TOTAL           Name                               Link     Load   Length     Space
        CLASS   CODE           
                end_init                              E        E        3         0
                cinit                                11       11        E         0
                intentry                              4        4        A         0
                reset_vec                             0        0        3         0
                text13                              3FF      3FF       11         0
                text12                              233      233       69         0
                text11                              38D      38D       25         0
                text10                              2DA      2DA       35         0
                text9                               13E      13E       F5         0
                text8                               3B2      3B2       21         0
                text7                               41D      41D        9         0
                text6                               29C      29C       3E         0
                text5                               3D3      3D3       17         0
                text4                               367      367       26         0
                text3                               3EA      3EA       15         0
                text2                               410      410        D         0
                text1                               33D      33D       2A         0
                maintext                             1F       1F      11F         0
                clrtext                             426      426        8         0

        CLASS   STRCODE        

        CLASS   STRING         
                strings                             30F      30F       2E         0

        CLASS   CONST          

        CLASS   ENTRY          

        CLASS   COMMON         
                cstackCOMMON                         70       70        D         1
                bssCOMMON                            7D       7D        1         1

        CLASS   BANK0          
                cstackBANK0                          20       20       13         1
                bssBANK0                             33       33       12         1

        CLASS   BANK1          

        CLASS   BANK2          

        CLASS   BANK3          

        CLASS   RAM            

        CLASS   ABS1           
                abs_s1                               7E       7E        2         1

        CLASS   SFR0           

        CLASS   SFR1           

        CLASS   SFR2           

        CLASS   SFR3           

        CLASS   CONFIG         
                config                             2007     2007        2         4

        CLASS   IDLOC          
                idloc                              2000     2000        4         5

        CLASS   EEDATA         

        CLASS   STACK          



SEGMENTS        Name                           Load    Length   Top    Selector   Space  Class     Delta

                reset_vec                      000000  000003  000003         0       0  CODE        2
                intentry                       000004  00030B  00030F         8       0  CODE        2
                cstackBANK0                    000020  000025  000045        20       1  BANK0       1
                cstackCOMMON                   000070  00000E  00007E        70       1  COMMON      1
                strings                        00030F  00002E  00033D       61E       0  STRING      2
                text1                          00033D  0000F1  00042E       67A       0  CODE        2


UNUSED ADDRESS RANGES

        Name                Unused          Largest block    Delta
        BANK0            0045-006F             2B           1
        BANK1            00A0-00EF             50           1
        BANK2            0110-016F             60           1
        BANK3            0190-01EF             60           1
        CODE             0003-0003              1           2
                         042E-1FFF            800
        CONST            0003-0003              1           2
                         042E-1FFF            100
        EEDATA           2100-21FF            100           2
        ENTRY            0003-0003              1           2
                         042E-1FFF            100
        RAM              0045-006F             2B           1
                         00A0-00EF             50
                         0110-016F             60
                         0190-01EF             60
        SFR0             0000-001F             20           1
        SFR1             0080-009F             20           1
        SFR2             0100-010F             10           1
        SFR3             0180-018F             10           1
        STRCODE          0003-0003              1           2
                         042E-1FFF           1BD2
        STRING           0003-0003              1           2
                         042E-1FFF            100

                                  Symbol Table

?___awdiv                cstackCOMMON 0076
?___wmul                 cstackCOMMON 0070
?_map                    cstackBANK0  0024
_ADCON0bits              (abs)        001F
_ADCON1bits              (abs)        009F
_ADRESH                  (abs)        001E
_ANSELH                  (abs)        0189
_ANSELbits               (abs)        0188
_BAUDCTLbits             (abs)        0187
_CCP1CON                 (abs)        0017
_CCP1CONbits             (abs)        0017
_CCP2CON                 (abs)        001D
_CCP2CONbits             (abs)        001D
_CCPR1L                  (abs)        0015
_CCPR2L                  (abs)        001B
_EEADR                   (abs)        010D
_EEADRH                  (abs)        010F
_EECON1bits              (abs)        018C
_EECON2                  (abs)        018D
_EEDATA                  (abs)        010C
_INTCONbits              (abs)        000B
_IOCBbits                (abs)        0096
_OPTION_REGbits          (abs)        0081
_OSCCONbits              (abs)        008F
_PIE1bits                (abs)        008C
_PIR1bits                (abs)        000C
_PORTA                   (abs)        0005
_PORTB                   (abs)        0006
_PORTBbits               (abs)        0006
_PORTCbits               (abs)        0007
_PORTD                   (abs)        0008
_PORTDbits               (abs)        0008
_PORTE                   (abs)        0009
_PR2                     (abs)        0092
_RCSTAbits               (abs)        0018
_SPBRG                   (abs)        0099
_SPBRGH                  (abs)        009A
_T2CONbits               (abs)        0012
_TMR0                    (abs)        0001
_TRISBbits               (abs)        0086
_TRISCbits               (abs)        0087
_TRISD                   (abs)        0088
_TRISE                   (abs)        0089
_TXREG                   (abs)        0019
_TXSTAbits               (abs)        0098
_WPUBbits                (abs)        0095
__Habs1                  abs1         0000
__Hbank0                 bank0        0000
__Hbank1                 bank1        0000
__Hbank2                 bank2        0000
__Hbank3                 bank3        0000
__HbssBANK0              bssBANK0     0000
__HbssCOMMON             bssCOMMON    0000
__Hcinit                 cinit        001F
__Hclrtext               clrtext      0000
__Hcode                  code         0000
__Hcommon                common       0000
__Hconfig                config       2009
__HcstackBANK0           cstackBANK0  0000
__HcstackCOMMON          cstackCOMMON 0000
__Heeprom_data           eeprom_data  0000
__Hend_init              end_init     0011
__Hfunctab               functab      0000
__Hidloc                 idloc        2004
__Hinit                  init         000E
__Hintentry              intentry     000E
__Hmaintext              maintext     0000
__Hpowerup               powerup      0000
__Hram                   ram          0000
__Hreset_vec             reset_vec    0003
__Hsfr0                  sfr0         0000
__Hsfr1                  sfr1         0000
__Hsfr2                  sfr2         0000
__Hsfr3                  sfr3         0000
__Hspace_0               (abs)        042E
__Hspace_1               (abs)        007E
__Hspace_2               (abs)        0000
__Hspace_3               (abs)        0000
__Hspace_4               (abs)        4010
__Hstack                 stack        0000
__Hstrings               strings      0000
__Htext                  text         0000
__Labs1                  abs1         0000
__Lbank0                 bank0        0000
__Lbank1                 bank1        0000
__Lbank2                 bank2        0000
__Lbank3                 bank3        0000
__LbssBANK0              bssBANK0     0000
__LbssCOMMON             bssCOMMON    0000
__Lcinit                 cinit        0011
__Lclrtext               clrtext      0000
__Lcode                  code         0000
__Lcommon                common       0000
__Lconfig                config       0000
__LcstackBANK0           cstackBANK0  0000
__LcstackCOMMON          cstackCOMMON 0000
__Leeprom_data           eeprom_data  0000
__Lend_init              end_init     000E
__Lfunctab               functab      0000
__Lidloc                 idloc        0000
__Linit                  init         000E
__Lintentry              intentry     0004
__Lmaintext              maintext     0000
__Lpowerup               powerup      0000
__Lram                   ram          0000
__Lreset_vec             reset_vec    0000
__Lsfr0                  sfr0         0000
__Lsfr1                  sfr1         0000
__Lsfr2                  sfr2         0000
__Lsfr3                  sfr3         0000
__Lspace_0               (abs)        0000
__Lspace_1               (abs)        0000
__Lspace_2               (abs)        0000
__Lspace_3               (abs)        0000
__Lspace_4               (abs)        0000
__Lstack                 stack        0000
__Lstrings               strings      0000
__Ltext                  text         0000
__S0                     (abs)        042E
__S1                     (abs)        007E
__S3                     (abs)        0000
___awdiv                 text12       0233
___awdiv@counter         cstackBANK0  0020
___awdiv@dividend        cstackCOMMON 0078
___awdiv@divisor         cstackCOMMON 0076
___awdiv@quotient        cstackBANK0  0022
___awdiv@sign            cstackBANK0  0021
___int_sp                stack        0000
___latbits               (abs)        0002
___sp                    stack        0000
___stackhi               (abs)        0000
___stacklo               (abs)        0000
___wmul                  text11       038D
___wmul@multiplicand     cstackCOMMON 0072
___wmul@multiplier       cstackCOMMON 0070
___wmul@product          cstackCOMMON 0074
__end_of___awdiv         text12       029C
__end_of___wmul          text11       03B2
__end_of__initialization cinit        001B
__end_of__stringtab      strings      0315
__end_of_cadena          text8        03D3
__end_of_delay           text13       0410
__end_of_interrup        text2        041D
__end_of_isr             text9        0233
__end_of_main            maintext     013E
__end_of_map             text10       030F
__end_of_readEEPROM      text7        0426
__end_of_setup           text6        02DA
__end_of_setupADC        text5        03EA
__end_of_setupPWM        text4        038D
__end_of_setupUART       text3        03FF
__end_of_writeEEPROM     text1        0367
__initialization         cinit        0011
__pbssBANK0              bssBANK0     0033
__pbssCOMMON             bssCOMMON    007D
__pcstackBANK0           cstackBANK0  0020
__pcstackCOMMON          cstackCOMMON 0070
__pintentry              intentry     0004
__pmaintext              maintext     001F
__pstrings               strings      030F
__ptext1                 text1        033D
__ptext10                text10       02DA
__ptext11                text11       038D
__ptext12                text12       0233
__ptext13                text13       03FF
__ptext2                 text2        0410
__ptext3                 text3        03EA
__ptext4                 text4        0367
__ptext5                 text5        03D3
__ptext6                 text6        029C
__ptext7                 text7        041D
__ptext8                 text8        03B2
__ptext9                 text9        013E
__stringbase             strings      0314
__stringtab              strings      030F
_bandera                 bssBANK0     0041
_cadena                  text8        03B2
_dato                    bssCOMMON    007D
_delay                   text13       03FF
_interrup                text2        0410
_isr                     text9        013E
_loop                    bssBANK0     003F
_main                    maintext     001F
_map                     text10       02DA
_pot                     bssBANK0     003D
_pot1                    bssBANK0     003B
_readEEPROM              text7        041D
_selector                bssBANK0     0043
_setup                   text6        029C
_setupADC                text5        03D3
_setupPWM                text4        0367
_setupUART               text3        03EA
_writeEEPROM             text1        033D
btemp                    (abs)        007E
cadena@cursor            cstackBANK0  0030
clear_ram0               clrtext      0426
delay@micro              cstackCOMMON 0070
end_of_initialization    cinit        001B
interrupt_function       intentry     0004
intlevel0                functab      0000
intlevel1                functab      0000
intlevel2                functab      0000
intlevel3                functab      0000
intlevel4                functab      0000
intlevel5                functab      0000
map@inputmax             cstackBANK0  0026
map@inputmin             cstackBANK0  0024
map@outmax               cstackBANK0  002A
map@outmin               cstackBANK0  0028
map@value                cstackCOMMON 007C
reset_vec                reset_vec    0000
saved_w                  (abs)        007E
start                    init         000E
start_initialization     cinit        0011
writeEEPROM@data         cstackBANK0  002F
wtemp0                   (abs)        007E


MODULE INFORMATION

Module		Function		Class		Link	Load	Size
shared
		__stringtab    		STRING         	030F	0000	6
		__initialization		CODE           	0011	0000	10

shared estimated size: 16

E:\Program Files\Microchip\xc8\v2.40\pic\sources\c90\common\awdiv.c
		___awdiv       		CODE           	0233	0000	105

E:\Program Files\Microchip\xc8\v2.40\pic\sources\c90\common\awdiv.c estimated size: 105

main.c
		_delay         		CODE           	03FF	0000	17
		_map           		CODE           	02DA	0000	53
		_setupPWM      		CODE           	0367	0000	38
		_main          		CODE           	001F	0000	287
		_cadena        		CODE           	03B2	0000	33
		_interrup      		CODE           	0410	0000	13
		_isr           		CODE           	013E	0000	245
		_setupUART     		CODE           	03EA	0000	21
		_setup         		CODE           	029C	0000	62
		_readEEPROM    		CODE           	041D	0000	9
		_writeEEPROM   		CODE           	033D	0000	42
		_setupADC      		CODE           	03D3	0000	23

main.c estimated size: 843

E:\Program Files\Microchip\xc8\v2.40\pic\sources\c90\common\Umul16.c
		___wmul        		CODE           	038D	0000	37

E:\Program Files\Microchip\xc8\v2.40\pic\sources\c90\common\Umul16.c estimated size: 37

